2026-08-22 16:27:27 - Job: test - Status: SUCCESS
2026-08-22 16:29:37 - Job: tes - Status: ERROR - Error: Job 'tes' not found in backup configuration.
2026-08-23 21:26:15 - Job: jof - Status: ERROR - Error: Job 'jof' not found in backup configuration.
2026-08-23 21:27:01 - Job: test - Status: SUCCESS
2026-08-23 21:35:24 - Job: test - Status: SUCCESS
2026-08-23 21:35:52 - Job: test - Status: SUCCESS
2026-08-23 21:36:16 - Job: test - Status: SUCCESS
2026-08-23 21:40:13 - Job: test - Status: SUCCESS
2026-08-23 21:40:27 - Job: tesrt - Status: ERROR - Error: Job 'tesrt' not found in backup configuration.
2026-08-23 21:44:20 - Job: test - Status: SUCCESS
2026-08-25 11:25:26 - Job: new_job - Status: SUCCESS
2026-08-25 11:26:45 - Job: test - Status: SUCCESS
2026-08-25 11:28:09 - Job: test - Status: SUCCESS
2026-08-25 11:28:23 - Job: new_job - Status: SUCCESS
2026-08-25 11:50:39 - Job: new_job - Status: SUCCESS
2026-08-25 11:50:44 - Job: test - Status: SUCCESS
2026-09-07 04:08:44 - Job: test - Status: SUCCESS
2026-09-07 04:09:16 - Job: new - Status: FAIL - Error: Job 'new' not found in backup configuration.
2026-09-07 04:10:43 - Job: new_job - Status: SUCCESS
2026-09-07 04:11:00 - Job: new_job - Status: SUCCESS
2026-09-07 04:11:04 - Job: test - Status: SUCCESS
2026-09-08 01:09:47 - Job: tes - Status: FAIL - Error: Job 'tes' not found in backup configuration.
